
> beerhive-pos@0.1.0 build
> next build

   Γû▓ Next.js 14.1.0
   - Environments: .env.local

   Creating an optimized production build ...
node.exe :  ΓÜá Compiled with warnings
At C:\Program Files\nodejs\npm.ps1:29 char:3
+   & $NODE_EXE $NPM_CLI_JS $args
+   ~~~~~~~~~~~~~~~~~~~~~~~~~~~~~
    + CategoryInfo          : NotSpecified: ( ΓÜá Compiled 
    with warnings:String) [], RemoteException
    + FullyQualifiedErrorId : NativeCommandError
 

./src/core/services/notifications/NotificationService.ts
Attempted import error: 'Notification' is not exported 
from '@/models/entities/Notification' (imported as 
'Notification').

Import trace for requested module:
./src/core/services/notifications/NotificationService.ts
./src/lib/contexts/NotificationContext.tsx
./src/views/shared/layouts/DashboardLayout.tsx
./src/app/(dashboard)/layout.tsx

./src/core/services/notifications/NotificationService.ts
Attempted import error: 'Notification' is not exported 
from '@/models/entities/Notification' (imported as 
'Notification').

Import trace for requested module:
./src/core/services/notifications/NotificationService.ts
./src/lib/contexts/NotificationContext.tsx
./src/views/shared/layouts/DashboardLayout.tsx
./src/app/(dashboard)/layout.tsx

./src/core/services/notifications/NotificationService.ts
Attempted import error: 'Notification' is not exported 
from '@/models/entities/Notification' (imported as 
'Notification').

Import trace for requested module:
./src/core/services/notifications/NotificationService.ts
./src/lib/contexts/NotificationContext.tsx
./src/views/shared/layouts/DashboardLayout.tsx
./src/app/(dashboard)/layout.tsx

./src/core/services/notifications/NotificationService.ts
Attempted import error: 'Notification' is not exported 
from '@/models/entities/Notification' (imported as 
'Notification').

Import trace for requested module:
./src/core/services/notifications/NotificationService.ts
./src/lib/contexts/NotificationContext.tsx
./src/views/shared/layouts/DashboardLayout.tsx
./src/app/(dashboard)/layout.tsx

./src/core/services/notifications/NotificationService.ts
Attempted import error: 'Notification' is not exported 
from '@/models/entities/Notification' (imported as 
'Notification').

Import trace for requested module:
./src/core/services/notifications/NotificationService.ts
./src/lib/contexts/NotificationContext.tsx
./src/views/shared/layouts/DashboardLayout.tsx
./src/app/(dashboard)/layout.tsx

./src/core/services/notifications/NotificationService.ts
Attempted import error: 'Notification' is not exported 
from '@/models/entities/Notification' (imported as 
'Notification').

Import trace for requested module:
./src/core/services/notifications/NotificationService.ts
./src/app/api/notifications/route.ts

./src/core/services/notifications/NotificationService.ts
Attempted import error: 'Notification' is not exported 
from '@/models/entities/Notification' (imported as 
'Notification').

Import trace for requested module:
./src/core/services/notifications/NotificationService.ts
./src/app/api/notifications/route.ts

./src/core/services/notifications/NotificationService.ts
Attempted import error: 'Notification' is not exported 
from '@/models/entities/Notification' (imported as 
'Notification').

Import trace for requested module:
./src/core/services/notifications/NotificationService.ts
./src/app/api/notifications/route.ts

./src/core/services/notifications/NotificationService.ts
Attempted import error: 'Notification' is not exported 
from '@/models/entities/Notification' (imported as 
'Notification').

Import trace for requested module:
./src/core/services/notifications/NotificationService.ts
./src/app/api/notifications/route.ts

./src/core/services/notifications/NotificationService.ts
Attempted import error: 'Notification' is not exported 
from '@/models/entities/Notification' (imported as 
'Notification').

Import trace for requested module:
./src/core/services/notifications/NotificationService.ts
./src/app/api/notifications/route.ts

 ΓÜá Compiled with warnings

./src/core/services/notifications/NotificationService.ts
Attempted import error: 'Notification' is not exported 
from '@/models/entities/Notification' (imported as 
'Notification').

Import trace for requested module:
./src/core/services/notifications/NotificationService.ts
./src/lib/contexts/NotificationContext.tsx
./src/views/shared/layouts/DashboardLayout.tsx
./src/app/(dashboard)/layout.tsx

./src/core/services/notifications/NotificationService.ts
Attempted import error: 'Notification' is not exported 
from '@/models/entities/Notification' (imported as 
'Notification').

Import trace for requested module:
./src/core/services/notifications/NotificationService.ts
./src/lib/contexts/NotificationContext.tsx
./src/views/shared/layouts/DashboardLayout.tsx
./src/app/(dashboard)/layout.tsx

./src/core/services/notifications/NotificationService.ts
Attempted import error: 'Notification' is not exported 
from '@/models/entities/Notification' (imported as 
'Notification').

Import trace for requested module:
./src/core/services/notifications/NotificationService.ts
./src/lib/contexts/NotificationContext.tsx
./src/views/shared/layouts/DashboardLayout.tsx
./src/app/(dashboard)/layout.tsx

./src/core/services/notifications/NotificationService.ts
Attempted import error: 'Notification' is not exported 
from '@/models/entities/Notification' (imported as 
'Notification').

Import trace for requested module:
./src/core/services/notifications/NotificationService.ts
./src/lib/contexts/NotificationContext.tsx
./src/views/shared/layouts/DashboardLayout.tsx
./src/app/(dashboard)/layout.tsx

./src/core/services/notifications/NotificationService.ts
Attempted import error: 'Notification' is not exported 
from '@/models/entities/Notification' (imported as 
'Notification').

Import trace for requested module:
./src/core/services/notifications/NotificationService.ts
./src/lib/contexts/NotificationContext.tsx
./src/views/shared/layouts/DashboardLayout.tsx
./src/app/(dashboard)/layout.tsx

 Γ£ô Compiled successfully
   Linting and checking validity of types ...
Failed to compile.

./src/app/api/auth/login/route.ts:36:15
Type error: Property 'is_active' does not exist on type 
'SelectQueryError<"column 'roles' does not exist on 
'users'.">'.

[0m [90m 34 |[39m     }[0m
[0m [90m 35 |[39m[0m
[0m[31m[1m>[22m[39m[90m 36 |[39m     [36mif[39m 
([33m![39muser[33m.[39mis_active) {[0m
[0m [90m    |[39m               [31m[1m^[22m[39m[0m
[0m [90m 37 |[39m       [36mreturn[39m 
[33mNextResponse[39m[33m.[39mjson([0m
[0m [90m 38 |[39m         { success[33m:[39m 
[36mfalse[39m[33m,[39m error[33m:[39m [32m'Your 
account has been deactivated. Please contact an 
administrator.'[39m }[33m,[39m[0m
[0m [90m 39 |[39m         { status[33m:[39m 
[35m403[39m }[0m
